// Jest Snapshot v1, https://goo.gl/fbAQLP

exports[`sendConfirmEmail should  1`] = `
Array [
  Array [
    Object {
      "from": "TEST_MAIL_FROM",
      "html": "Please, confirm registration: <a href=\\"http://127.0.0.1/confirm-register?token=token&id=333\\">http://127.0.0.1/confirm-register?token=token&id=333</a><br><br>
        Ignore this message if you didn't register",
      "subject": "Confirm registration",
      "text": "Please, confirm registration: http://127.0.0.1/confirm-register?token=token&id=333.
        Ignore this message if you didn't register",
      "to": "email",
    },
  ],
]
`;

exports[`transaction emails sendConfirmEmail 1`] = `
Array [
  Array [
    Object {
      "from": "TEST_MAIL_FROM",
      "html": "Please, confirm registration: <a href=\\"http://127.0.0.1/confirm-register?token=token&id=333\\">http://127.0.0.1/confirm-register?token=token&id=333</a><br><br>
        Ignore this message if you didn't register",
      "subject": "Confirm registration",
      "text": "Please, confirm registration: http://127.0.0.1/confirm-register?token=token&id=333.
        Ignore this message if you didn't register",
      "to": "email",
    },
  ],
]
`;

exports[`transaction emails sendConfirmSubscription 1`] = `
Array [
  Array [
    Object {
      "from": "TEST_MAIL_FROM",
      "html": "Please, confirm subscription to <b>title</b> (Daily digest): <br>
        <a href=\\"http://127.0.0.1/confirm?token=token&id=333\\">http://127.0.0.1/confirm?token=token&id=333</a><br><br>
        Ignore this message if you didn't subscribe",
      "subject": "Confirm subscription to title",
      "text": "Please, confirm subscription to title (Daily digest):
        http://127.0.0.1/confirm?token=token&id=333

        Ignore this message if you didn't subscribe",
      "to": "email",
    },
  ],
]
`;

exports[`transaction emails sendPasswordReset 1`] = `
Array [
  Array [
    Object {
      "from": "TEST_MAIL_FROM",
      "html": "A password reset has been requested.<br>
        If it was you, visit this link to reset your password: <a href=\\"http://127.0.0.1/reset?token=token&id=333\\">http://127.0.0.1/reset?token=token&id=333</a><br><br>
        Otherwise, ignore this message.",
      "subject": "Reset password",
      "text": "A password reset has been requested.

If it was you, visit this link to reset your password: http://127.0.0.1/reset?token=token&id=333

Otherwise, ignore this message.",
      "to": "email",
    },
  ],
]
`;
