// Jest Snapshot v1, https://goo.gl/fbAQLP

exports[`Manage feeds should match snapshot 1`] = `
.c2 {
  margin: 0px;
  padding: 0px;
  font-size: 1.3rem;
}

.c3 {
  list-style: none;
  display: grid;
  grid-template-columns: 6fr 2fr 4fr 4fr 1fr;
  grid-gap: 5px;
  -webkit-align-items: center;
  -webkit-box-align: center;
  -ms-flex-align: center;
  align-items: center;
  padding: 0.4rem 0;
}

.c3:hover:not(:first-of-type) {
  outline: 1px solid;
}

.c6 {
  min-width: 10rem;
  word-break: break-all;
}

.c7 {
  min-width: 8rem;
  word-break: break-all;
}

.c4 {
  font-size: 1.5rem;
  font-weight: bold;
  min-width: 10rem;
}

.c5 {
  font-size: 1.5rem;
  font-weight: bold;
  min-width: 8rem;
}

.c9 {
  height: 1.5rem;
}

.c8 {
  border: none;
  padding: 0;
  background: none;
  text-align: center;
  -webkit-appearance: none;
  -moz-appearance: none;
  -webkit-appearance: none;
  -moz-appearance: none;
  appearance: none;
  margin: 0 0.5rem 0 0;
}

.c8:focus,
.c8:hover {
  -webkit-transform: scale(1.10);
  -ms-transform: scale(1.10);
  transform: scale(1.10);
}

.c8:focus:hover {
  outline: none;
}

.c8:active {
  -webkit-transform: scale(0.95);
  -ms-transform: scale(0.95);
  transform: scale(0.95);
}

.c0 {
  padding: 0 2rem 1rem;
}

.c1 {
  font-size: 1.8rem;
}

.c10 {
  background-color: hsl(0,0%,60%);
  color: white;
  padding: 0.6rem 1rem;
  border: none;
  text-align: center;
  text-transform: uppercase;
  border-radius: 5px;
  min-width: 7rem;
  font-size: 1.3rem;
  -webkit-user-select: none;
  -moz-user-select: none;
  -ms-user-select: none;
  user-select: none;
  background-color: hsl(200,100%,40%);
  margin-top: 1rem;
}

.c10:focus,
.c10:hover {
  background-color: hsl(0,0%,45%);
}

.c10:active {
  color: hsl(0,0%,90%);
}

.c10:focus,
.c10:hover {
  background-color: hsl(200,100%,30%);
}

.c10:active {
  color: hsl(200,100%,60%);
}

@media all and (max-width:) {
  .c3 {
    grid-template-columns: 1fr;
    padding: 1rem 0;
  }
}

@media all and (max-width:) {
  .c6 {
    display: grid;
    grid-template-columns: 40% 1fr;
    grid-gap: 5px;
  }

  .c6:before {
    content: attr(data-name);
    font-size: 1.5rem;
    font-weight: bold;
  }
}

@media all and (max-width:) {
  .c7 {
    display: grid;
    grid-template-columns: 40% 1fr;
    grid-gap: 5px;
  }

  .c7:before {
    content: attr(data-name);
    font-size: 1.5rem;
    font-weight: bold;
  }
}

@media all and (max-width:) {
  .c4 {
    display: none;
  }
}

@media all and (max-width:) {
  .c5 {
    display: none;
  }
}

<main
  class="c0"
>
  <h1
    class="c1"
  >
    Edit subscriptions
  </h1>
  <ul
    class="c2"
  >
    <li
      class="c3"
    >
      <div
        class="c4"
      >
        FEED
      </div>
      <div
        class="c5"
      >
        ADDED
      </div>
      <div
        class="c4"
      >
        LAST DIGEST DATE
      </div>
      <div
        class="c4"
      >
        DIGEST SCHEDULE
      </div>
      <div
        class="c5"
      >
        ACTIONS
      </div>
    </li>
    <li
      class="c3"
    >
      <div
        class="c6"
        data-name="FEED"
      >
        <a
          href="/feeds/view?id=id1"
          title="View items"
        >
          Test Feed Title
        </a>
      </div>
      <div
        class="c7"
        data-name="ADDED"
      >
        4/19/2019
      </div>
      <div
        class="c6"
        data-name="LAST DIGEST DATE"
      >
        4/19/2019, 3:12:00 AM
      </div>
      <div
        class="c6"
        data-name="DIGEST SCHEDULE"
      >
        Daily digest
      </div>
      <div
        class="c7"
        data-name="ACTIONS"
      >
        <div>
          <button
            class="c8"
            type="button"
          >
            <img
              alt="Edit the feed"
              class="c9"
              src="/static/edit.svg"
            />
          </button>
          <button
            class="c8"
            type="button"
          >
            <img
              alt="Delete the feed"
              class="c9"
              src="/static/trash.svg"
            />
          </button>
        </div>
      </div>
    </li>
  </ul>
  <button
    class="c10"
    type="button"
  >
    Add new feed
  </button>
</main>
`;
